// Jest Snapshot v1, https://goo.gl/fbAQLP

exports[`Button Component Test should match latest snapshot 1`] = `
<button
  className={undefined}
  onClick={[Function]}
>
  This is Button Children
</button>
`;
